// Jest Snapshot v1, https://goo.gl/fbAQLP

exports[`Hello World render test 1`] = `
<h1
  id="1"
>
  Hello World
</h1>
`;

exports[`List render test 1`] = `
<ul
  id="3"
>
  <li>
    First
  </li>
  <li>
    Second
  </li>
</ul>
`;

exports[`Paragraph render test 1`] = `
<p
  id="2"
/>
`;
